06/04/2025 12:55:11 PM: INFO: ************************* Test_001_login **********************
06/04/2025 12:55:11 PM: INFO: ************************* Verify Homepage Title **********************
06/04/2025 12:55:14 PM: INFO: ************************* HomePage Title Test passed **********************
06/04/2025 12:55:18 PM: INFO: ************************* Verifying Login Test **********************
06/04/2025 12:55:22 PM: INFO: ************************* Login Test passed **********************
06/04/2025 02:00:50 PM: INFO: ************************* Test_001_login **********************
06/04/2025 02:00:50 PM: INFO: ************************* Verify Homepage Title **********************
06/04/2025 02:00:53 PM: INFO: ************************* HomePage Title Test passed **********************
06/04/2025 02:00:56 PM: INFO: ************************* Verifying Login Test **********************
06/04/2025 02:00:59 PM: INFO: ************************* Login Test passed **********************
06/04/2025 03:01:07 PM: INFO: ************************* Test_001_login **********************
06/04/2025 03:01:07 PM: INFO: ************************* Verify Homepage Title **********************
06/04/2025 03:01:10 PM: INFO: ************************* HomePage Title Test passed **********************
06/04/2025 03:01:14 PM: INFO: ************************* Verifying Login Test **********************
06/04/2025 03:01:17 PM: INFO: ************************* Login Test passed **********************
06/04/2025 03:39:02 PM: INFO: ************************* Test_001_login **********************
06/04/2025 03:39:02 PM: INFO: ************************* Verify Homepage Title **********************
06/04/2025 03:39:05 PM: INFO: ************************* HomePage Title Test passed **********************
06/04/2025 03:39:06 PM: INFO: ************************* Verifying Login Test **********************
06/04/2025 03:39:10 PM: INFO: ************************* Login Test passed **********************
06/04/2025 03:41:38 PM: INFO: ************************* Verifying Login Test **********************
06/04/2025 03:41:38 PM: INFO: ************************* Test_001_login **********************
06/04/2025 03:41:38 PM: INFO: ************************* Verify Homepage Title **********************
06/04/2025 03:41:41 PM: INFO: ************************* HomePage Title Test passed **********************
06/04/2025 03:41:42 PM: INFO: ************************* Login Test passed **********************
06/04/2025 03:54:21 PM: INFO: ************************* Test_001_login **********************
06/04/2025 03:54:21 PM: INFO: ************************* Verify Homepage Title **********************
06/04/2025 03:54:21 PM: INFO: ************************* Verifying Login Test **********************
06/04/2025 03:54:23 PM: INFO: ************************* HomePage Title Test passed **********************
06/04/2025 03:54:25 PM: INFO: ************************* Login Test passed **********************
